mrc-comp061
